// Jest Snapshot v1, https://goo.gl/fbAQLP

exports[`Facebook actions FacebookLogin returns Success when done 1`] = `
Array [
  Object {
    "reason": "Kollar vem du är",
    "sender": "TakePhoto",
    "type": "APP = BUSY LOADING",
  },
  Object {
    "exception": [TypeError: Cannot read property 'launchImageLibraryAsync' of undefined],
    "reason": "MEDIA_FAILED",
    "sender": "TakePhoto",
    "type": "APP = HAS ERROR",
  },
  Object {
    "reason": null,
    "sender": "TakePhoto",
    "type": "APP = DONE LOADING",
  },
]
`;

exports[`Media actions TakePhoto returns Success when done 1`] = `
Array [
  Object {
    "reason": "Kollar vem du är",
    "sender": "TakePhoto",
    "type": "APP = BUSY LOADING",
  },
  Object {
    "exception": [TypeError: Cannot read property 'launchImageLibraryAsync' of undefined],
    "reason": "MEDIA_FAILED",
    "sender": "TakePhoto",
    "type": "APP = HAS ERROR",
  },
  Object {
    "reason": null,
    "sender": "TakePhoto",
    "type": "APP = DONE LOADING",
  },
]
`;
